ATTR_ROW_SIZE	EQU 0001FH
ATTR_SCRN_ADDR	EQU 05800H
ATTR_SCRN_SIZE	EQU 00300H
BALL_COLOUR	EQU 00037H
BITMAP_SCRN_ADDR EQU 04000H
BITMAP_SCRN_SIZE EQU 01800H
BLACK		EQU 00000H
BLUE		EQU 00001H
BORDER_COLOUR	EQU 00000H
BRIGHT		EQU 00040H
CYAN		EQU 00005H
DOWN_CELL	EQU 00020H
DYN_VAR_LEVELS_COMPLETE EQU 00000H
DYN_VAR_TRAPPED_COUNT EQU 00001H
FLASH		EQU 00080H
GREEN		EQU 00004H
LEFT_CELL	EQU 0FFFFH
MAGENTA		EQU 00003H
MAX_TRAPPED_COUNT EQU 00003H
PAPER		EQU 00008H
PLAYER_COLOUR	EQU 000D7H
PLAYING_AREA_DEPTH EQU 00014H
PLAY_AREA_COLOUR EQU 00008H
PROGRESS_BAR_COLOUR EQU 00020H
RED		EQU 00002H
RIGHT_CELL	EQU 00001H
UP_CELL		EQU 0FFE0H
WHITE		EQU 00007H
YELLOW		EQU 00006H
_checkDown	EQU 08070H
_checkEnter	EQU 08081H
_checkLeft	EQU 08050H
_checkRight	EQU 0803DH
_checkUp	EQU 0805EH
_drawBall	EQU 080B5H
_drawplayer	EQU 0809CH
_eraseBall	EQU 080BCH
_moveBall	EQU 080A1H
_movePlayer	EQU 0808BH
_playClickLoop	EQU 080EBH
_saveBallPos	EQU 080F3H
_sync		EQU 080BAH
_trapped	EQU 080CEH
ballAddr	EQU 080FBH
clearLoop	EQU 0800BH
drawPlayingArea	EQU 08013H
drawProgressBar	EQU 08028H
drawProgressBlock EQU 08031H
drawRow		EQU 08018H
dynamicVariables EQU 08101H
init		EQU 08000H
mainLoop	EQU 08038H
playerAddr	EQU 080F7H
playerVector	EQU 080F9H
startGame	EQU 08008H
updateBallWithVector EQU 080DAH
xVector		EQU 080FDH
yVector		EQU 080FFH
